{
  "beancount_options": {
    "account_current_conversions": "Conversions:Current",
    "account_current_earnings": "Earnings:Current",
    "account_previous_balances": "Opening-Balances",
    "account_previous_conversions": "Conversions:Previous",
    "account_previous_earnings": "Earnings:Previous",
    "account_rounding": "None",
    "account_unrealized_gains": "Earnings:Unrealized",
    "allow_deprecated_none_for_tags_and_links": "False",
    "allow_pipe_separator": "False",
    "booking_method": "Booking.STRICT",
    "commodities": "set()",
    "conversion_currency": "NOTHING",
    "dcontext": "ABC             : sign=1   integer_max=1   fractional_common=0   fractional_max=0   \"-0\" \"-0\"\nGLD             : sign=1   integer_max=2   fractional_common=0   fractional_max=0   \"-00\" \"-00\"\nIRAUSD          : sign=1   integer_max=5   fractional_common=2   fractional_max=2   \"-00000.00\" \"-00000.00\"\nITOT            : sign=1   integer_max=2   fractional_common=0   fractional_max=0   \"-00\" \"-00\"\nRGAGX           : sign=1   integer_max=1   fractional_common=3   fractional_max=3   \"-0.000\" \"-0.000\"\nUSD             : sign=1   integer_max=4   fractional_common=2   fractional_max=2   \"-0000.00\" \"-0000.00\"\nVACHR           : sign=1   integer_max=3   fractional_common=0   fractional_max=0   \"-000\" \"-000\"\nVBMPX           : sign=1   integer_max=2   fractional_common=3   fractional_max=3   \"-00.000\" \"-00.000\"\nVEA             : sign=1   integer_max=2   fractional_common=0   fractional_max=0   \"-00\" \"-00\"\nVHT             : sign=1   integer_max=2   fractional_common=0   fractional_max=0   \"-00\" \"-00\"\nXYZ             : sign=1   integer_max=1   fractional_common=0   fractional_max=0   \"-0\" \"-0\"\n__default__     : sign=1   integer_max=1   fractional_common=_   fractional_max=_   \"-0.*\" \"-0.*\"\n",
    "display_precision": "{}",
    "documents": "[]",
    "filename": "TEST_DATA_DIR/long-example.beancount",
    "include": "['TEST_DATA_DIR/long-example.beancount']",
    "infer_tolerance_from_cost": "False",
    "inferred_tolerance_default": "{}",
    "inferred_tolerance_multiplier": "0.5",
    "input_hash": "ENTRY_HASH",
    "insert_pythonpath": "False",
    "long_string_maxlines": "64",
    "name_assets": "Assets",
    "name_equity": "Equity",
    "name_expenses": "Expenses",
    "name_income": "Income",
    "name_liabilities": "Liabilities",
    "operating_currency": "['USD']",
    "plugin": "[]",
    "plugin_processing_mode": "default",
    "pythonpath": "[]",
    "render_commas": "False",
    "title": "Long Example",
    "tolerance_multiplier": "0.5"
  },
  "fava_options": {
    "account-journal-include-children": "True",
    "auto-reload": "False",
    "collapse-pattern": "[]",
    "conversion-currencies": "()",
    "currency-column": "61",
    "default-file": "None",
    "default-page": "'income_statement/'",
    "fiscal-year-end": "FiscalYearEnd(month=12, day=31)",
    "import-config": "None",
    "import-dirs": "()",
    "indent": "2",
    "insert-entry": "[]",
    "invert-income-liabilities-equity": "False",
    "language": "None",
    "locale": "None",
    "show-accounts-with-zero-balance": "False",
    "show-accounts-with-zero-transactions": "True",
    "show-closed-accounts": "False",
    "sidebar-show-queries": "5",
    "unrealized": "'Unrealized'",
    "upcoming-events": "7",
    "uptodate-indicator-grey-lookback-days": "60",
    "use-external-editor": "False"
  }
}