[
  {
    "balance": {
      "USD": 100
    },
    "date": "2000-01-01"
  },
  {
    "balance": {
      "USD": 50,
      "XYZ": 1
    },
    "date": "2000-01-02"
  },
  {
    "balance": {
      "ABC": 1,
      "USD": 125,
      "XYZ": 0
    },
    "date": "2000-01-03"
  }
]