{
  "charts": [
    {
      "data": [
        {
          "balance": {
            "USD": 101
          },
          "date": "2022-01-01"
        }
      ],
      "label": "Account Balance",
      "type": "balances"
    },
    {
      "data": [
        {
          "account_balances": {
            "Assets:Cash": {},
            "Assets:Commodity": {
              "USD": 101
            }
          },
          "balance": {
            "USD": 101
          },
          "budgets": {},
          "date": "2022-01-01"
        },
        {
          "account_balances": {},
          "balance": {},
          "budgets": {},
          "date": "2022-01-02"
        },
        {
          "account_balances": {},
          "balance": {},
          "budgets": {},
          "date": "2022-01-03"
        },
        {
          "account_balances": {},
          "balance": {},
          "budgets": {},
          "date": "2022-01-04"
        }
      ],
      "label": "Changes",
      "type": "bar"
    }
  ],
  "journal": "<fava-journal>\n<ol class=\"flex-table journal\">\n    <li class=\"head\">\n        <p>\n        <span class=\"datecell\" data-sort=\"num\" data-sort-name=\"date\" data-order=\"asc\">Date</span>\n        <span class=\"flag\" data-sort=\"string\" data-sort-name=\"flag\">F</span>\n        <span class=\"description\" data-sort=\"string\" data-sort-name=\"narration\">Payee/Narration</span>\n        <span class=\"num\">Units</span>\n        <span class=\"cost num\">Cost / Change</span>\n        <span class=\"num\">Price / Balance</span>\n        </p>\n    </li>\n    <li class=\"open  \">\n        <p>\n        <span class=\"datecell\" data-sort-value=1><a href=\"#context-ENTRY_HASH\">2022-01-01</a></span>\n        <span class=\"flag\">Open</span>\n        <span class=\"description\">\n            <a href=\"/off-by-one/account/Assets:Commodity/?conversion=at_value&amp;interval=day\">Assets:Commodity</a>\n        </span>\n        <span class=\"indicators\">\n          \n        </span>\n          <span class=\"num\"></span>\n        </p>\n        \n    </li>\n    <li class=\"open  \">\n        <p>\n        <span class=\"datecell\" data-sort-value=2><a href=\"#context-ENTRY_HASH\">2022-01-01</a></span>\n        <span class=\"flag\">Open</span>\n        <span class=\"description\">\n            <a href=\"/off-by-one/account/Assets:Cash/?conversion=at_value&amp;interval=day\">Assets:Cash</a>\n        </span>\n        <span class=\"indicators\">\n          \n        </span>\n          <span class=\"num\"></span>\n        </p>\n        \n    </li>\n    <li class=\"transaction  cleared\">\n        <p>\n        <span class=\"datecell\" data-sort-value=3><a href=\"#context-ENTRY_HASH\">2022-01-01</a></span>\n        <span class=\"flag\">*</span>\n        <span class=\"description droptarget\" data-entry=\"ENTRY_HASH\" data-entry-date=\"2022-01-01\" data-account-name=\"Assets:Cash\">\n            <strong class=\"payee\"></strong>Transfer\n            \n        </span>\n        <span class=\"indicators\">\n          \n          <span></span>\n          \n          <span></span>\n          \n        </span>\n            <span class=\"change num\"><span title=\"USD\">100 USD</span><br></span>\n          <span class=\"num\"><span title=\"USD\">100 USD</span><br></span>\n        </p>\n        \n          <ul class=\"postings\">\n        <li>\n            <p>\n                <span class=\"datecell\">\n                  <span class=\"file-input-wrapper\">\n                    <svg height=\"20px\" style=\"enable-background:new 0 0 512 512;\" version=\"1.1\" viewBox=\"0 0 512 512\" width=\"20px\" xml:space=\"preserve\" xmlns=\"http://www.w3.org/2000/svg\" xmlns:xlink=\"http://www.w3.org/1999/xlink\"><g><g><polygon points=\"193.3,260.4 181.7,248.8 256.2,174.5 330.7,248.8 319,260.4 264.4,205.8 264.4,447.6 247.9,447.6 247.9,205.8       \"/></g><g><path d=\"M399.3,183.6c0-1.2,0.2-2.4,0.2-3.6c0-64.3-52.8-116.4-116.8-116.4c-46.1,0-85.8,27.1-104.4,66.3    c-8.1-4.1-17.1-6.4-26.8-6.4c-29.6,0-54.1,23.6-58.9,52C57.4,187.6,32,222.2,32,261.8c0,49.7,40.1,90.2,89.6,90.2H213v-16h-90.6    c-40.9,0-74.2-33.5-74.2-74.6c0-31.8,20.2-61.2,50.2-71.6l8.4-2.9l1.5-8.8c3.6-21.6,22.1-39.3,43.9-39.3c6.9,0,13.7,1.6,19.9,4.8    l13.5,6.8l6.5-13.7c16.6-34.9,52.1-57.4,90.4-57.4c55.3,0,100.9,43.3,100.9,98.9c0,13.3-0.2,20.3-0.2,20.3l15.2,0.1    C435,199.1,464,232,464,268.9c0,36.8-29.8,66.9-66.5,67.1l-3.2,0H297v16h101h0c45,0,82-37.3,82-82.8    C480,223.7,444.5,183.7,399.3,183.6z\"/></g></g></svg>\n                    <input type=\"file\" class=\"posting-file-uploader\" data-entry=\"ENTRY_HASH\" data-account-name=\"Assets:Cash\" data-entry-date=\"2022-01-01\"/>\n                  </span>\n                </span>\n                <span class=\"flag\"></span>\n                <span class=\"description droptarget\" data-entry=\"ENTRY_HASH\" data-account-name=\"Assets:Cash\" data-entry-date=\"2022-01-01\"><a href=\"/off-by-one/account/Assets:Cash/?conversion=at_value&amp;interval=day\">Assets:Cash</a></span>\n                <span class=\"num\">100 USD</span>\n                <span class=\"num\"> </span>\n                <span class=\"num\"></span>\n            </p>\n            \n        </li>\n        <li>\n            <p>\n                <span class=\"datecell\">\n                  <span class=\"file-input-wrapper\">\n                    <svg height=\"20px\" style=\"enable-background:new 0 0 512 512;\" version=\"1.1\" viewBox=\"0 0 512 512\" width=\"20px\" xml:space=\"preserve\" xmlns=\"http://www.w3.org/2000/svg\" xmlns:xlink=\"http://www.w3.org/1999/xlink\"><g><g><polygon points=\"193.3,260.4 181.7,248.8 256.2,174.5 330.7,248.8 319,260.4 264.4,205.8 264.4,447.6 247.9,447.6 247.9,205.8       \"/></g><g><path d=\"M399.3,183.6c0-1.2,0.2-2.4,0.2-3.6c0-64.3-52.8-116.4-116.8-116.4c-46.1,0-85.8,27.1-104.4,66.3    c-8.1-4.1-17.1-6.4-26.8-6.4c-29.6,0-54.1,23.6-58.9,52C57.4,187.6,32,222.2,32,261.8c0,49.7,40.1,90.2,89.6,90.2H213v-16h-90.6    c-40.9,0-74.2-33.5-74.2-74.6c0-31.8,20.2-61.2,50.2-71.6l8.4-2.9l1.5-8.8c3.6-21.6,22.1-39.3,43.9-39.3c6.9,0,13.7,1.6,19.9,4.8    l13.5,6.8l6.5-13.7c16.6-34.9,52.1-57.4,90.4-57.4c55.3,0,100.9,43.3,100.9,98.9c0,13.3-0.2,20.3-0.2,20.3l15.2,0.1    C435,199.1,464,232,464,268.9c0,36.8-29.8,66.9-66.5,67.1l-3.2,0H297v16h101h0c45,0,82-37.3,82-82.8    C480,223.7,444.5,183.7,399.3,183.6z\"/></g></g></svg>\n                    <input type=\"file\" class=\"posting-file-uploader\" data-entry=\"ENTRY_HASH\" data-account-name=\"Income:All\" data-entry-date=\"2022-01-01\"/>\n                  </span>\n                </span>\n                <span class=\"flag\"></span>\n                <span class=\"description droptarget\" data-entry=\"ENTRY_HASH\" data-account-name=\"Income:All\" data-entry-date=\"2022-01-01\"><a href=\"/off-by-one/account/Income:All/?conversion=at_value&amp;interval=day\">Income:All</a></span>\n                <span class=\"num\">-100 USD</span>\n                <span class=\"num\"> </span>\n                <span class=\"num\"></span>\n            </p>\n            \n        </li>\n        </ul>\n    </li>\n    <li class=\"transaction  cleared\">\n        <p>\n        <span class=\"datecell\" data-sort-value=4><a href=\"#context-ENTRY_HASH\">2022-01-01</a></span>\n        <span class=\"flag\">*</span>\n        <span class=\"description droptarget\" data-entry=\"ENTRY_HASH\" data-entry-date=\"2022-01-01\" data-account-name=\"Assets:Cash\">\n            <strong class=\"payee\"></strong>Buy\n            \n        </span>\n        <span class=\"indicators\">\n          \n          <span></span>\n          \n          <span></span>\n          \n        </span>\n            <span class=\"change num\"><span title=\"USD\">1 USD</span><br></span>\n          <span class=\"num\"><span title=\"USD\">101 USD</span><br></span>\n        </p>\n        \n          <ul class=\"postings\">\n        <li>\n            <p>\n                <span class=\"datecell\">\n                  <span class=\"file-input-wrapper\">\n                    <svg height=\"20px\" style=\"enable-background:new 0 0 512 512;\" version=\"1.1\" viewBox=\"0 0 512 512\" width=\"20px\" xml:space=\"preserve\" xmlns=\"http://www.w3.org/2000/svg\" xmlns:xlink=\"http://www.w3.org/1999/xlink\"><g><g><polygon points=\"193.3,260.4 181.7,248.8 256.2,174.5 330.7,248.8 319,260.4 264.4,205.8 264.4,447.6 247.9,447.6 247.9,205.8       \"/></g><g><path d=\"M399.3,183.6c0-1.2,0.2-2.4,0.2-3.6c0-64.3-52.8-116.4-116.8-116.4c-46.1,0-85.8,27.1-104.4,66.3    c-8.1-4.1-17.1-6.4-26.8-6.4c-29.6,0-54.1,23.6-58.9,52C57.4,187.6,32,222.2,32,261.8c0,49.7,40.1,90.2,89.6,90.2H213v-16h-90.6    c-40.9,0-74.2-33.5-74.2-74.6c0-31.8,20.2-61.2,50.2-71.6l8.4-2.9l1.5-8.8c3.6-21.6,22.1-39.3,43.9-39.3c6.9,0,13.7,1.6,19.9,4.8    l13.5,6.8l6.5-13.7c16.6-34.9,52.1-57.4,90.4-57.4c55.3,0,100.9,43.3,100.9,98.9c0,13.3-0.2,20.3-0.2,20.3l15.2,0.1    C435,199.1,464,232,464,268.9c0,36.8-29.8,66.9-66.5,67.1l-3.2,0H297v16h101h0c45,0,82-37.3,82-82.8    C480,223.7,444.5,183.7,399.3,183.6z\"/></g></g></svg>\n                    <input type=\"file\" class=\"posting-file-uploader\" data-entry=\"ENTRY_HASH\" data-account-name=\"Assets:Cash\" data-entry-date=\"2022-01-01\"/>\n                  </span>\n                </span>\n                <span class=\"flag\"></span>\n                <span class=\"description droptarget\" data-entry=\"ENTRY_HASH\" data-account-name=\"Assets:Cash\" data-entry-date=\"2022-01-01\"><a href=\"/off-by-one/account/Assets:Cash/?conversion=at_value&amp;interval=day\">Assets:Cash</a></span>\n                <span class=\"num\">-100 USD</span>\n                <span class=\"num\"> </span>\n                <span class=\"num\"></span>\n            </p>\n            \n        </li>\n        <li>\n            <p>\n                <span class=\"datecell\">\n                  <span class=\"file-input-wrapper\">\n                    <svg height=\"20px\" style=\"enable-background:new 0 0 512 512;\" version=\"1.1\" viewBox=\"0 0 512 512\" width=\"20px\" xml:space=\"preserve\" xmlns=\"http://www.w3.org/2000/svg\" xmlns:xlink=\"http://www.w3.org/1999/xlink\"><g><g><polygon points=\"193.3,260.4 181.7,248.8 256.2,174.5 330.7,248.8 319,260.4 264.4,205.8 264.4,447.6 247.9,447.6 247.9,205.8       \"/></g><g><path d=\"M399.3,183.6c0-1.2,0.2-2.4,0.2-3.6c0-64.3-52.8-116.4-116.8-116.4c-46.1,0-85.8,27.1-104.4,66.3    c-8.1-4.1-17.1-6.4-26.8-6.4c-29.6,0-54.1,23.6-58.9,52C57.4,187.6,32,222.2,32,261.8c0,49.7,40.1,90.2,89.6,90.2H213v-16h-90.6    c-40.9,0-74.2-33.5-74.2-74.6c0-31.8,20.2-61.2,50.2-71.6l8.4-2.9l1.5-8.8c3.6-21.6,22.1-39.3,43.9-39.3c6.9,0,13.7,1.6,19.9,4.8    l13.5,6.8l6.5-13.7c16.6-34.9,52.1-57.4,90.4-57.4c55.3,0,100.9,43.3,100.9,98.9c0,13.3-0.2,20.3-0.2,20.3l15.2,0.1    C435,199.1,464,232,464,268.9c0,36.8-29.8,66.9-66.5,67.1l-3.2,0H297v16h101h0c45,0,82-37.3,82-82.8    C480,223.7,444.5,183.7,399.3,183.6z\"/></g></g></svg>\n                    <input type=\"file\" class=\"posting-file-uploader\" data-entry=\"ENTRY_HASH\" data-account-name=\"Assets:Commodity\" data-entry-date=\"2022-01-01\"/>\n                  </span>\n                </span>\n                <span class=\"flag\"></span>\n                <span class=\"description droptarget\" data-entry=\"ENTRY_HASH\" data-account-name=\"Assets:Commodity\" data-entry-date=\"2022-01-01\"><a href=\"/off-by-one/account/Assets:Commodity/?conversion=at_value&amp;interval=day\">Assets:Commodity</a></span>\n                <span class=\"num\">1 COM</span>\n                <span class=\"num\">100 USD, 2022-01-01</span>\n                <span class=\"num\"></span>\n            </p>\n            \n        </li>\n        </ul>\n    </li>\n</ol>\n</fava-journal>\n"
}