[
  {
    "balance": {
      "ABC": 1,
      "USD": 125
    },
    "date": "2000-01-31"
  },
  {
    "balance": {
      "ABC": 1,
      "USD": 125
    },
    "date": "2000-02-29"
  },
  {
    "balance": {
      "ABC": 1,
      "USD": 125
    },
    "date": "2000-03-31"
  },
  {
    "balance": {
      "ABC": 1,
      "USD": 125
    },
    "date": "2000-04-30"
  },
  {
    "balance": {
      "ABC": 1,
      "USD": 125
    },
    "date": "2000-05-31"
  },
  {
    "balance": {
      "ABC": 1,
      "USD": 125
    },
    "date": "2000-06-30"
  },
  {
    "balance": {
      "ABC": 1,
      "USD": 125
    },
    "date": "2000-07-31"
  },
  {
    "balance": {
      "ABC": 1,
      "USD": 125
    },
    "date": "2000-08-31"
  },
  {
    "balance": {
      "ABC": 1,
      "USD": 125
    },
    "date": "2000-09-30"
  },
  {
    "balance": {
      "ABC": 1,
      "USD": 125
    },
    "date": "2000-10-31"
  },
  {
    "balance": {
      "ABC": 1,
      "USD": 125
    },
    "date": "2000-11-30"
  },
  {
    "balance": {
      "ABC": 1,
      "USD": 125
    },
    "date": "2000-12-31"
  },
  {
    "balance": {
      "ABC": 1,
      "USD": 125
    },
    "date": "2001-01-31"
  },
  {
    "balance": {
      "ABC": 1,
      "USD": 125
    },
    "date": "2001-02-28"
  },
  {
    "balance": {
      "ABC": 1,
      "USD": 125
    },
    "date": "2001-03-31"
  },
  {
    "balance": {
      "ABC": 1,
      "USD": 125
    },
    "date": "2001-04-30"
  },
  {
    "balance": {
      "ABC": 1,
      "USD": 125
    },
    "date": "2001-05-31"
  },
  {
    "balance": {
      "ABC": 1,
      "USD": 125
    },
    "date": "2001-06-30"
  },
  {
    "balance": {
      "ABC": 1,
      "USD": 125
    },
    "date": "2001-07-31"
  },
  {
    "balance": {
      "ABC": 1,
      "USD": 125
    },
    "date": "2001-08-31"
  },
  {
    "balance": {
      "ABC": 1,
      "USD": 125
    },
    "date": "2001-09-30"
  },
  {
    "balance": {
      "ABC": 1,
      "USD": 125
    },
    "date": "2001-10-31"
  },
  {
    "balance": {
      "ABC": 1,
      "USD": 125
    },
    "date": "2001-11-30"
  },
  {
    "balance": {
      "ABC": 1,
      "USD": 125
    },
    "date": "2001-12-31"
  },
  {
    "balance": {
      "ABC": 1,
      "USD": 125
    },
    "date": "2002-01-31"
  },
  {
    "balance": {
      "ABC": 1,
      "USD": 125
    },
    "date": "2002-02-28"
  },
  {
    "balance": {
      "ABC": 1,
      "USD": 125
    },
    "date": "2002-03-31"
  },
  {
    "balance": {
      "ABC": 1,
      "USD": 125
    },
    "date": "2002-04-30"
  },
  {
    "balance": {
      "ABC": 1,
      "USD": 125
    },
    "date": "2002-05-31"
  },
  {
    "balance": {
      "ABC": 1,
      "USD": 125
    },
    "date": "2002-06-30"
  },
  {
    "balance": {
      "ABC": 1,
      "USD": 125
    },
    "date": "2002-07-31"
  },
  {
    "balance": {
      "ABC": 1,
      "USD": 125
    },
    "date": "2002-08-31"
  },
  {
    "balance": {
      "ABC": 1,
      "USD": 125
    },
    "date": "2002-09-30"
  },
  {
    "balance": {
      "ABC": 1,
      "USD": 125
    },
    "date": "2002-10-31"
  },
  {
    "balance": {
      "ABC": 1,
      "USD": 125
    },
    "date": "2002-11-30"
  },
  {
    "balance": {
      "ABC": 1,
      "USD": 125
    },
    "date": "2002-12-31"
  },
  {
    "balance": {
      "ABC": 1,
      "USD": 125
    },
    "date": "2003-01-31"
  },
  {
    "balance": {
      "ABC": 1,
      "USD": 125
    },
    "date": "2003-02-28"
  },
  {
    "balance": {
      "ABC": 1,
      "USD": 125
    },
    "date": "2003-03-31"
  },
  {
    "balance": {
      "ABC": 1,
      "USD": 125
    },
    "date": "2003-04-30"
  },
  {
    "balance": {
      "ABC": 1,
      "USD": 125
    },
    "date": "2003-05-31"
  },
  {
    "balance": {
      "ABC": 1,
      "USD": 125
    },
    "date": "2003-06-30"
  },
  {
    "balance": {
      "ABC": 1,
      "USD": 125
    },
    "date": "2003-07-31"
  },
  {
    "balance": {
      "ABC": 1,
      "USD": 125
    },
    "date": "2003-08-31"
  },
  {
    "balance": {
      "ABC": 1,
      "USD": 125
    },
    "date": "2003-09-30"
  },
  {
    "balance": {
      "ABC": 1,
      "USD": 125
    },
    "date": "2003-10-31"
  },
  {
    "balance": {
      "ABC": 1,
      "USD": 125
    },
    "date": "2003-11-30"
  },
  {
    "balance": {
      "ABC": 1,
      "USD": 125
    },
    "date": "2003-12-31"
  },
  {
    "balance": {
      "ABC": 1,
      "USD": 125
    },
    "date": "2004-01-31"
  },
  {
    "balance": {
      "ABC": 1,
      "USD": 125
    },
    "date": "2004-02-29"
  },
  {
    "balance": {
      "ABC": 1,
      "USD": 125
    },
    "date": "2004-03-31"
  },
  {
    "balance": {
      "ABC": 1,
      "USD": 125
    },
    "date": "2004-04-30"
  },
  {
    "balance": {
      "ABC": 1,
      "USD": 125
    },
    "date": "2004-05-31"
  },
  {
    "balance": {
      "ABC": 1,
      "USD": 125
    },
    "date": "2004-06-30"
  },
  {
    "balance": {
      "ABC": 1,
      "USD": 125
    },
    "date": "2004-07-31"
  },
  {
    "balance": {
      "ABC": 1,
      "USD": 125
    },
    "date": "2004-08-31"
  },
  {
    "balance": {
      "ABC": 1,
      "USD": 125
    },
    "date": "2004-09-30"
  },
  {
    "balance": {
      "ABC": 1,
      "USD": 125
    },
    "date": "2004-10-31"
  },
  {
    "balance": {
      "ABC": 1,
      "USD": 125
    },
    "date": "2004-11-30"
  },
  {
    "balance": {
      "ABC": 1,
      "USD": 125
    },
    "date": "2004-12-31"
  },
  {
    "balance": {
      "ABC": 1,
      "USD": 125
    },
    "date": "2005-01-31"
  },
  {
    "balance": {
      "ABC": 1,
      "USD": 125
    },
    "date": "2005-02-28"
  },
  {
    "balance": {
      "ABC": 1,
      "USD": 125
    },
    "date": "2005-03-31"
  },
  {
    "balance": {
      "ABC": 1,
      "USD": 125
    },
    "date": "2005-04-30"
  },
  {
    "balance": {
      "ABC": 1,
      "USD": 125
    },
    "date": "2005-05-31"
  },
  {
    "balance": {
      "ABC": 1,
      "USD": 125
    },
    "date": "2005-06-30"
  },
  {
    "balance": {
      "ABC": 1,
      "USD": 125
    },
    "date": "2005-07-31"
  },
  {
    "balance": {
      "ABC": 1,
      "USD": 125
    },
    "date": "2005-08-31"
  },
  {
    "balance": {
      "ABC": 1,
      "USD": 125
    },
    "date": "2005-09-30"
  },
  {
    "balance": {
      "ABC": 1,
      "USD": 125
    },
    "date": "2005-10-31"
  },
  {
    "balance": {
      "ABC": 1,
      "USD": 125
    },
    "date": "2005-11-30"
  },
  {
    "balance": {
      "ABC": 1,
      "USD": 125
    },
    "date": "2005-12-31"
  },
  {
    "balance": {
      "ABC": 1,
      "USD": 125
    },
    "date": "2006-01-31"
  },
  {
    "balance": {
      "ABC": 1,
      "USD": 125
    },
    "date": "2006-02-28"
  },
  {
    "balance": {
      "ABC": 1,
      "USD": 125
    },
    "date": "2006-03-31"
  },
  {
    "balance": {
      "ABC": 1,
      "USD": 125
    },
    "date": "2006-04-30"
  },
  {
    "balance": {
      "ABC": 1,
      "USD": 125
    },
    "date": "2006-05-31"
  },
  {
    "balance": {
      "ABC": 1,
      "USD": 125
    },
    "date": "2006-06-30"
  },
  {
    "balance": {
      "ABC": 1,
      "USD": 125
    },
    "date": "2006-07-31"
  },
  {
    "balance": {
      "ABC": 1,
      "USD": 125
    },
    "date": "2006-08-31"
  },
  {
    "balance": {
      "ABC": 1,
      "USD": 125
    },
    "date": "2006-09-30"
  },
  {
    "balance": {
      "ABC": 1,
      "USD": 125
    },
    "date": "2006-10-31"
  },
  {
    "balance": {
      "ABC": 1,
      "USD": 125
    },
    "date": "2006-11-30"
  },
  {
    "balance": {
      "ABC": 1,
      "USD": 125
    },
    "date": "2006-12-31"
  },
  {
    "balance": {
      "ABC": 1,
      "USD": 125
    },
    "date": "2007-01-31"
  },
  {
    "balance": {
      "ABC": 1,
      "USD": 125
    },
    "date": "2007-02-28"
  },
  {
    "balance": {
      "ABC": 1,
      "USD": 125
    },
    "date": "2007-03-31"
  },
  {
    "balance": {
      "ABC": 1,
      "USD": 125
    },
    "date": "2007-04-30"
  },
  {
    "balance": {
      "ABC": 1,
      "USD": 125
    },
    "date": "2007-05-31"
  },
  {
    "balance": {
      "ABC": 1,
      "USD": 125
    },
    "date": "2007-06-30"
  },
  {
    "balance": {
      "ABC": 1,
      "USD": 125
    },
    "date": "2007-07-31"
  },
  {
    "balance": {
      "ABC": 1,
      "USD": 125
    },
    "date": "2007-08-31"
  },
  {
    "balance": {
      "ABC": 1,
      "USD": 125
    },
    "date": "2007-09-30"
  },
  {
    "balance": {
      "ABC": 1,
      "USD": 125
    },
    "date": "2007-10-31"
  },
  {
    "balance": {
      "ABC": 1,
      "USD": 125
    },
    "date": "2007-11-30"
  },
  {
    "balance": {
      "ABC": 1,
      "USD": 125
    },
    "date": "2007-12-31"
  },
  {
    "balance": {
      "ABC": 1,
      "USD": 125
    },
    "date": "2008-01-31"
  },
  {
    "balance": {
      "ABC": 1,
      "USD": 125
    },
    "date": "2008-02-29"
  },
  {
    "balance": {
      "ABC": 1,
      "USD": 125
    },
    "date": "2008-03-31"
  },
  {
    "balance": {
      "ABC": 1,
      "USD": 125
    },
    "date": "2008-04-30"
  },
  {
    "balance": {
      "ABC": 1,
      "USD": 125
    },
    "date": "2008-05-31"
  },
  {
    "balance": {
      "ABC": 1,
      "USD": 125
    },
    "date": "2008-06-30"
  },
  {
    "balance": {
      "ABC": 1,
      "USD": 125
    },
    "date": "2008-07-31"
  },
  {
    "balance": {
      "ABC": 1,
      "USD": 125
    },
    "date": "2008-08-31"
  },
  {
    "balance": {
      "ABC": 1,
      "USD": 125
    },
    "date": "2008-09-30"
  },
  {
    "balance": {
      "ABC": 1,
      "USD": 125
    },
    "date": "2008-10-31"
  },
  {
    "balance": {
      "ABC": 1,
      "USD": 125
    },
    "date": "2008-11-30"
  },
  {
    "balance": {
      "ABC": 1,
      "USD": 125
    },
    "date": "2008-12-31"
  },
  {
    "balance": {
      "ABC": 1,
      "USD": 125
    },
    "date": "2009-01-31"
  },
  {
    "balance": {
      "ABC": 1,
      "USD": 125
    },
    "date": "2009-02-28"
  },
  {
    "balance": {
      "ABC": 1,
      "USD": 125
    },
    "date": "2009-03-31"
  },
  {
    "balance": {
      "ABC": 1,
      "USD": 125
    },
    "date": "2009-04-30"
  },
  {
    "balance": {
      "ABC": 1,
      "USD": 125
    },
    "date": "2009-05-31"
  },
  {
    "balance": {
      "ABC": 1,
      "USD": 125
    },
    "date": "2009-06-30"
  },
  {
    "balance": {
      "ABC": 1,
      "USD": 125
    },
    "date": "2009-07-31"
  },
  {
    "balance": {
      "ABC": 1,
      "USD": 125
    },
    "date": "2009-08-31"
  },
  {
    "balance": {
      "ABC": 1,
      "USD": 125
    },
    "date": "2009-09-30"
  },
  {
    "balance": {
      "ABC": 1,
      "USD": 125
    },
    "date": "2009-10-31"
  },
  {
    "balance": {
      "ABC": 1,
      "USD": 125
    },
    "date": "2009-11-30"
  },
  {
    "balance": {
      "ABC": 1,
      "USD": 125
    },
    "date": "2009-12-31"
  },
  {
    "balance": {
      "ABC": 1,
      "USD": 125
    },
    "date": "2010-01-31"
  },
  {
    "balance": {
      "ABC": 1,
      "USD": 125
    },
    "date": "2010-02-28"
  },
  {
    "balance": {
      "ABC": 1,
      "USD": 125
    },
    "date": "2010-03-31"
  },
  {
    "balance": {
      "ABC": 1,
      "USD": 125
    },
    "date": "2010-04-30"
  },
  {
    "balance": {
      "ABC": 1,
      "USD": 125
    },
    "date": "2010-05-31"
  },
  {
    "balance": {
      "ABC": 1,
      "USD": 125
    },
    "date": "2010-06-30"
  },
  {
    "balance": {
      "ABC": 1,
      "USD": 125
    },
    "date": "2010-07-31"
  },
  {
    "balance": {
      "ABC": 1,
      "USD": 125
    },
    "date": "2010-08-31"
  },
  {
    "balance": {
      "ABC": 1,
      "USD": 125
    },
    "date": "2010-09-30"
  },
  {
    "balance": {
      "ABC": 1,
      "USD": 125
    },
    "date": "2010-10-31"
  },
  {
    "balance": {
      "ABC": 1,
      "USD": 125
    },
    "date": "2010-11-30"
  },
  {
    "balance": {
      "ABC": 1,
      "USD": 125
    },
    "date": "2010-12-31"
  },
  {
    "balance": {
      "ABC": 1,
      "USD": 125
    },
    "date": "2011-01-31"
  },
  {
    "balance": {
      "ABC": 1,
      "USD": 125
    },
    "date": "2011-02-28"
  },
  {
    "balance": {
      "ABC": 1,
      "USD": 125
    },
    "date": "2011-03-31"
  },
  {
    "balance": {
      "ABC": 1,
      "USD": 125
    },
    "date": "2011-04-30"
  },
  {
    "balance": {
      "ABC": 1,
      "USD": 125
    },
    "date": "2011-05-31"
  },
  {
    "balance": {
      "ABC": 1,
      "USD": 125
    },
    "date": "2011-06-30"
  },
  {
    "balance": {
      "ABC": 1,
      "USD": 125
    },
    "date": "2011-07-31"
  },
  {
    "balance": {
      "ABC": 1,
      "USD": 125
    },
    "date": "2011-08-31"
  },
  {
    "balance": {
      "ABC": 1,
      "USD": 125
    },
    "date": "2011-09-30"
  },
  {
    "balance": {
      "ABC": 1,
      "USD": 125
    },
    "date": "2011-10-31"
  },
  {
    "balance": {
      "ABC": 1,
      "USD": 125
    },
    "date": "2011-11-30"
  },
  {
    "balance": {
      "ABC": 1,
      "USD": 125
    },
    "date": "2011-12-31"
  },
  {
    "balance": {
      "ABC": 1,
      "USD": 125
    },
    "date": "2012-01-31"
  },
  {
    "balance": {
      "ABC": 1,
      "USD": 125
    },
    "date": "2012-02-29"
  },
  {
    "balance": {
      "ABC": 1,
      "USD": 125
    },
    "date": "2012-03-31"
  },
  {
    "balance": {
      "ABC": 1,
      "USD": 125
    },
    "date": "2012-04-30"
  },
  {
    "balance": {
      "ABC": 1,
      "USD": 125
    },
    "date": "2012-05-31"
  },
  {
    "balance": {
      "ABC": 1,
      "USD": 125
    },
    "date": "2012-06-30"
  },
  {
    "balance": {
      "ABC": 1,
      "USD": 125
    },
    "date": "2012-07-31"
  },
  {
    "balance": {
      "ABC": 1,
      "USD": 125
    },
    "date": "2012-08-31"
  },
  {
    "balance": {
      "ABC": 1,
      "USD": 125
    },
    "date": "2012-09-30"
  },
  {
    "balance": {
      "ABC": 1,
      "USD": 125
    },
    "date": "2012-10-31"
  },
  {
    "balance": {
      "ABC": 1,
      "USD": 125
    },
    "date": "2012-11-30"
  },
  {
    "balance": {
      "ABC": 1,
      "USD": 125
    },
    "date": "2012-12-31"
  },
  {
    "balance": {
      "ABC": 1,
      "USD": 125
    },
    "date": "2013-01-31"
  },
  {
    "balance": {
      "ABC": 1,
      "USD": 125
    },
    "date": "2013-02-28"
  },
  {
    "balance": {
      "ABC": 1,
      "USD": 125
    },
    "date": "2013-03-31"
  },
  {
    "balance": {
      "ABC": 1,
      "USD": 125
    },
    "date": "2013-04-30"
  },
  {
    "balance": {
      "ABC": 1,
      "USD": 125
    },
    "date": "2013-05-31"
  },
  {
    "balance": {
      "ABC": 1,
      "USD": 125
    },
    "date": "2013-06-30"
  },
  {
    "balance": {
      "ABC": 1,
      "USD": 125
    },
    "date": "2013-07-31"
  },
  {
    "balance": {
      "ABC": 1,
      "USD": 125
    },
    "date": "2013-08-31"
  },
  {
    "balance": {
      "ABC": 1,
      "USD": 125
    },
    "date": "2013-09-30"
  },
  {
    "balance": {
      "ABC": 1,
      "USD": 125
    },
    "date": "2013-10-31"
  },
  {
    "balance": {
      "ABC": 1,
      "USD": 125
    },
    "date": "2013-11-30"
  },
  {
    "balance": {
      "ABC": 1,
      "USD": 125
    },
    "date": "2013-12-31"
  },
  {
    "balance": {
      "ABC": 1,
      "IRAUSD": 13900.00,
      "USD": 9778.22116,
      "VACHR": 15
    },
    "date": "2014-01-31"
  },
  {
    "balance": {
      "ABC": 1,
      "IRAUSD": 11500.00,
      "USD": 12887.69124,
      "VACHR": 25
    },
    "date": "2014-02-28"
  },
  {
    "balance": {
      "ABC": 1,
      "IRAUSD": 9100.00,
      "USD": 16166.29728,
      "VACHR": 35
    },
    "date": "2014-03-31"
  },
  {
    "balance": {
      "ABC": 1,
      "IRAUSD": 6700.00,
      "USD": 19170.28063,
      "VACHR": 45
    },
    "date": "2014-04-30"
  },
  {
    "balance": {
      "ABC": 1,
      "IRAUSD": 4300.00,
      "USD": 22348.55862,
      "VACHR": 55
    },
    "date": "2014-05-31"
  },
  {
    "balance": {
      "ABC": 1,
      "IRAUSD": 1900.00,
      "USD": 24461.36329,
      "VACHR": 65
    },
    "date": "2014-06-30"
  },
  {
    "balance": {
      "ABC": 1,
      "USD": 30088.80180,
      "VACHR": 80
    },
    "date": "2014-07-31"
  },
  {
    "balance": {
      "ABC": 1,
      "USD": 31929.06120,
      "VACHR": 90
    },
    "date": "2014-08-31"
  },
  {
    "balance": {
      "ABC": 1,
      "USD": 33643.52948,
      "VACHR": 100
    },
    "date": "2014-09-30"
  },
  {
    "balance": {
      "ABC": 1,
      "USD": 35107.71196,
      "VACHR": 110
    },
    "date": "2014-10-31"
  },
  {
    "balance": {
      "ABC": 1,
      "USD": 36336.86060,
      "VACHR": 120
    },
    "date": "2014-11-30"
  },
  {
    "balance": {
      "ABC": 1,
      "USD": 39250.34004,
      "VACHR": 130
    },
    "date": "2014-12-31"
  },
  {
    "balance": {
      "ABC": 1,
      "IRAUSD": 14400.00,
      "USD": 46213.29207,
      "VACHR": 145
    },
    "date": "2015-01-31"
  },
  {
    "balance": {
      "ABC": 1,
      "IRAUSD": 12000.00,
      "USD": 49824.65640,
      "VACHR": 35
    },
    "date": "2015-02-28"
  },
  {
    "balance": {
      "ABC": 1,
      "IRAUSD": 9600.00,
      "USD": 53429.60351,
      "VACHR": 45
    },
    "date": "2015-03-31"
  },
  {
    "balance": {
      "ABC": 1,
      "IRAUSD": 7200.00,
      "USD": 56058.11573,
      "VACHR": 55
    },
    "date": "2015-04-30"
  },
  {
    "balance": {
      "ABC": 1,
      "IRAUSD": 4800.00,
      "USD": 60017.72336,
      "VACHR": 65
    },
    "date": "2015-05-31"
  },
  {
    "balance": {
      "ABC": 1,
      "IRAUSD": 2400.00,
      "USD": 65816.61021,
      "VACHR": 75
    },
    "date": "2015-06-30"
  },
  {
    "balance": {
      "ABC": 1,
      "USD": 71724.99711,
      "VACHR": -62
    },
    "date": "2015-07-31"
  },
  {
    "balance": {
      "ABC": 1,
      "USD": 72675.22818,
      "VACHR": -52
    },
    "date": "2015-08-31"
  },
  {
    "balance": {
      "ABC": 1,
      "USD": 75587.90542,
      "VACHR": -42
    },
    "date": "2015-09-30"
  },
  {
    "balance": {
      "ABC": 1,
      "USD": 77571.38595,
      "VACHR": -32
    },
    "date": "2015-10-31"
  },
  {
    "balance": {
      "ABC": 1,
      "USD": 80770.87472,
      "VACHR": -22
    },
    "date": "2015-11-30"
  },
  {
    "balance": {
      "ABC": 1,
      "USD": 86595.77025,
      "VACHR": -7
    },
    "date": "2015-12-31"
  },
  {
    "balance": {
      "ABC": 1,
      "IRAUSD": 15600.00,
      "USD": 90073.19096,
      "VACHR": 3
    },
    "date": "2016-01-31"
  },
  {
    "balance": {
      "ABC": 1,
      "IRAUSD": 13200.00,
      "USD": 93295.17619,
      "VACHR": 13
    },
    "date": "2016-02-29"
  },
  {
    "balance": {
      "ABC": 1,
      "IRAUSD": 10800.00,
      "USD": 96784.01664,
      "VACHR": 23
    },
    "date": "2016-03-31"
  },
  {
    "balance": {
      "ABC": 1,
      "IRAUSD": 8400.00,
      "USD": 99186.02312,
      "VACHR": -87
    },
    "date": "2016-04-30"
  },
  {
    "balance": {
      "ABC": 1,
      "IRAUSD": 7200.00,
      "USD": 102452.53144,
      "VACHR": -82
    },
    "date": "2016-05-31"
  }
]