{
  "rows": [
    [
      43558
    ]
  ],
  "t": "table",
  "types": [
    {
      "dtype": "int",
      "name": "sum(day)"
    }
  ]
}